mode: set
github.com/nhanpnt22/azotp/azotp.go:90.13,91.49 1 1
github.com/nhanpnt22/azotp/azotp.go:91.49,93.3 1 1
github.com/nhanpnt22/azotp/azotp.go:97.52,102.2 4 1
github.com/nhanpnt22/azotp/azotp.go:106.42,108.2 1 1
github.com/nhanpnt22/azotp/azotp.go:122.29,124.2 1 1
github.com/nhanpnt22/azotp/azotp.go:126.44,127.50 1 1
github.com/nhanpnt22/azotp/azotp.go:127.50,129.3 1 1
github.com/nhanpnt22/azotp/azotp.go:131.2,131.28 1 1
github.com/nhanpnt22/azotp/azotp.go:152.35,155.2 2 1
github.com/nhanpnt22/azotp/azotp.go:157.33,159.2 1 0
github.com/nhanpnt22/azotp/azotp.go:161.45,162.74 1 1
github.com/nhanpnt22/azotp/azotp.go:162.74,164.3 1 1
github.com/nhanpnt22/azotp/azotp.go:165.2,165.67 1 1
github.com/nhanpnt22/azotp/azotp.go:165.67,167.3 1 1
github.com/nhanpnt22/azotp/azotp.go:168.2,168.77 1 1
github.com/nhanpnt22/azotp/azotp.go:168.77,170.3 1 1
github.com/nhanpnt22/azotp/azotp.go:171.2,171.75 1 1
github.com/nhanpnt22/azotp/azotp.go:171.75,173.3 1 0
github.com/nhanpnt22/azotp/azotp.go:174.2,174.68 1 1
github.com/nhanpnt22/azotp/azotp.go:174.68,176.3 1 1
github.com/nhanpnt22/azotp/azotp.go:178.2,178.12 1 1
github.com/nhanpnt22/azotp/azotp.go:181.76,182.49 1 1
github.com/nhanpnt22/azotp/azotp.go:182.49,184.3 1 0
github.com/nhanpnt22/azotp/azotp.go:186.2,199.8 2 1
github.com/nhanpnt22/azotp/azotp.go:204.85,206.2 1 0
github.com/nhanpnt22/azotp/azotp.go:208.38,210.2 1 1
github.com/nhanpnt22/azotp/azotp.go:212.44,213.60 1 1
github.com/nhanpnt22/azotp/azotp.go:213.60,215.3 1 1
github.com/nhanpnt22/azotp/azotp.go:217.2,217.12 1 1
github.com/nhanpnt22/azotp/azotp.go:220.77,221.49 1 1
github.com/nhanpnt22/azotp/azotp.go:221.49,223.3 1 0
github.com/nhanpnt22/azotp/azotp.go:224.2,227.21 2 1
github.com/nhanpnt22/azotp/azotp.go:230.86,232.2 1 1
github.com/nhanpnt22/azotp/azotp.go:234.62,236.2 1 1
github.com/nhanpnt22/azotp/azotp.go:238.86,240.2 1 1
github.com/nhanpnt22/azotp/azotp.go:242.57,244.16 2 1
github.com/nhanpnt22/azotp/azotp.go:244.16,245.13 1 0
github.com/nhanpnt22/azotp/azotp.go:248.2,248.14 1 1
github.com/nhanpnt22/azotp/azotp.go:251.55,252.19 1 1
github.com/nhanpnt22/azotp/azotp.go:252.19,254.3 1 1
github.com/nhanpnt22/azotp/azotp.go:256.2,258.24 3 1
github.com/nhanpnt22/azotp/azotp.go:258.24,260.17 2 1
github.com/nhanpnt22/azotp/azotp.go:260.17,262.4 1 1
github.com/nhanpnt22/azotp/azotp.go:263.3,264.10 2 1
github.com/nhanpnt22/azotp/azotp.go:267.2,267.28 1 1
github.com/nhanpnt22/azotp/azotp.go:270.50,272.16 2 1
github.com/nhanpnt22/azotp/azotp.go:272.16,273.13 1 0
github.com/nhanpnt22/azotp/azotp.go:276.2,276.14 1 1
github.com/nhanpnt22/azotp/azotp.go:279.106,280.49 1 1
github.com/nhanpnt22/azotp/azotp.go:280.49,282.3 1 0
github.com/nhanpnt22/azotp/azotp.go:283.2,283.19 1 1
github.com/nhanpnt22/azotp/azotp.go:283.19,285.3 1 0
github.com/nhanpnt22/azotp/azotp.go:287.2,288.16 2 1
github.com/nhanpnt22/azotp/azotp.go:288.16,290.3 1 0
github.com/nhanpnt22/azotp/azotp.go:293.2,294.16 2 1
github.com/nhanpnt22/azotp/azotp.go:294.16,296.3 1 0
github.com/nhanpnt22/azotp/azotp.go:298.2,299.16 2 1
github.com/nhanpnt22/azotp/azotp.go:299.16,301.3 1 0
github.com/nhanpnt22/azotp/azotp.go:303.2,303.80 1 1
github.com/nhanpnt22/azotp/azotp.go:306.82,308.2 1 1
github.com/nhanpnt22/azotp/azotp.go:310.88,311.49 1 1
github.com/nhanpnt22/azotp/azotp.go:311.49,313.3 1 0
github.com/nhanpnt22/azotp/azotp.go:314.2,314.19 1 1
github.com/nhanpnt22/azotp/azotp.go:314.19,316.3 1 0
github.com/nhanpnt22/azotp/azotp.go:318.2,319.16 2 1
github.com/nhanpnt22/azotp/azotp.go:319.16,321.3 1 0
github.com/nhanpnt22/azotp/azotp.go:322.2,323.16 2 1
github.com/nhanpnt22/azotp/azotp.go:323.16,325.3 1 0
github.com/nhanpnt22/azotp/azotp.go:327.2,328.16 2 1
github.com/nhanpnt22/azotp/azotp.go:328.16,330.3 1 0
github.com/nhanpnt22/azotp/azotp.go:332.2,332.77 1 1
github.com/nhanpnt22/azotp/azotp.go:335.86,336.22 1 1
github.com/nhanpnt22/azotp/azotp.go:336.22,338.3 1 1
github.com/nhanpnt22/azotp/azotp.go:340.2,340.25 1 1
github.com/nhanpnt22/azotp/azotp.go:341.21,342.20 1 1
github.com/nhanpnt22/azotp/azotp.go:343.24,344.27 1 1
github.com/nhanpnt22/azotp/azotp.go:347.2,347.43 1 1
github.com/nhanpnt22/azotp/azotp.go:347.43,350.3 2 1
github.com/nhanpnt22/azotp/azotp.go:352.2,352.49 1 1
github.com/nhanpnt22/azotp/azotp.go:352.49,355.3 2 0
github.com/nhanpnt22/azotp/azotp.go:358.2,359.16 2 1
github.com/nhanpnt22/azotp/azotp.go:359.16,362.3 2 0
github.com/nhanpnt22/azotp/azotp.go:365.2,369.66 3 1
github.com/nhanpnt22/azotp/azotp.go:369.66,372.3 2 1
github.com/nhanpnt22/azotp/azotp.go:374.2,375.16 2 1
github.com/nhanpnt22/azotp/azotp.go:375.16,378.3 2 1
github.com/nhanpnt22/azotp/azotp.go:381.2,384.55 2 1
github.com/nhanpnt22/azotp/azotp.go:384.55,387.3 2 1
github.com/nhanpnt22/azotp/azotp.go:389.2,392.12 4 1
github.com/nhanpnt22/azotp/azotp.go:395.43,396.22 1 1
github.com/nhanpnt22/azotp/azotp.go:396.22,398.3 1 1
github.com/nhanpnt22/azotp/azotp.go:400.2,400.24 1 1
github.com/nhanpnt22/azotp/azotp.go:403.66,404.22 1 1
github.com/nhanpnt22/azotp/azotp.go:404.22,406.3 1 1
github.com/nhanpnt22/azotp/azotp.go:408.2,408.48 1 1
github.com/nhanpnt22/azotp/azotp.go:411.64,412.22 1 1
github.com/nhanpnt22/azotp/azotp.go:412.22,414.3 1 1
github.com/nhanpnt22/azotp/azotp.go:416.2,416.46 1 1
github.com/nhanpnt22/azotp/azotp.go:419.43,420.9 1 1
github.com/nhanpnt22/azotp/azotp.go:421.21,422.11 1 1
github.com/nhanpnt22/azotp/azotp.go:423.21,424.26 1 1
github.com/nhanpnt22/azotp/azotp.go:425.21,426.25 1 1
github.com/nhanpnt22/azotp/azotp.go:427.21,428.26 1 1
github.com/nhanpnt22/azotp/azotp.go:429.10,430.19 1 1
github.com/nhanpnt22/azotp/azotp.go:434.55,438.2 3 1
github.com/nhanpnt22/azotp/azotp.go:440.51,445.45 4 1
github.com/nhanpnt22/azotp/azotp.go:445.45,448.3 2 1
github.com/nhanpnt22/azotp/azotp.go:450.2,451.40 2 1
github.com/nhanpnt22/azotp/azotp.go:451.40,453.3 1 0
github.com/nhanpnt22/azotp/azotp.go:455.2,455.19 1 1
github.com/nhanpnt22/azotp/azotp.go:458.95,460.16 2 1
github.com/nhanpnt22/azotp/azotp.go:460.16,462.3 1 0
github.com/nhanpnt22/azotp/azotp.go:465.2,467.33 3 1
github.com/nhanpnt22/azotp/azotp.go:470.105,477.28 3 1
github.com/nhanpnt22/azotp/azotp.go:477.28,479.66 1 0
github.com/nhanpnt22/azotp/azotp.go:479.66,481.4 1 0
github.com/nhanpnt22/azotp/azotp.go:483.2,497.3 2 1
github.com/nhanpnt22/azotp/azotp.go:500.60,502.56 2 1
github.com/nhanpnt22/azotp/azotp.go:502.56,504.3 1 0
github.com/nhanpnt22/azotp/azotp.go:506.2,506.52 1 1
github.com/nhanpnt22/azotp/azotp.go:509.55,511.6 2 1
github.com/nhanpnt22/azotp/azotp.go:511.6,512.59 1 1
github.com/nhanpnt22/azotp/azotp.go:512.59,514.4 1 1
github.com/nhanpnt22/azotp/azotp.go:515.3,515.23 1 1
github.com/nhanpnt22/azotp/azotp.go:515.23,516.12 1 0
github.com/nhanpnt22/azotp/azotp.go:518.3,518.53 1 1
github.com/nhanpnt22/azotp/azotp.go:522.52,523.54 1 1
github.com/nhanpnt22/azotp/azotp.go:523.54,525.3 1 1
github.com/nhanpnt22/azotp/azotp.go:526.2,526.35 1 1
github.com/nhanpnt22/azotp/azotp.go:526.35,528.3 1 1
github.com/nhanpnt22/azotp/azotp.go:530.2,530.12 1 1
github.com/nhanpnt22/azotp/azotp.go:533.47,534.68 1 1
github.com/nhanpnt22/azotp/azotp.go:534.68,536.3 1 1
github.com/nhanpnt22/azotp/azotp.go:537.2,537.37 1 1
github.com/nhanpnt22/azotp/azotp.go:537.37,539.3 1 1
github.com/nhanpnt22/azotp/azotp.go:540.2,540.45 1 1
github.com/nhanpnt22/azotp/azotp.go:540.45,542.3 1 1
github.com/nhanpnt22/azotp/azotp.go:544.2,544.12 1 1
github.com/nhanpnt22/azotp/azotp.go:547.49,548.29 1 1
github.com/nhanpnt22/azotp/azotp.go:548.29,550.3 1 1
github.com/nhanpnt22/azotp/azotp.go:552.2,553.46 2 1
github.com/nhanpnt22/azotp/azotp.go:553.46,555.10 2 1
github.com/nhanpnt22/azotp/azotp.go:556.31,557.22 1 1
github.com/nhanpnt22/azotp/azotp.go:558.31,559.36 1 1
github.com/nhanpnt22/azotp/azotp.go:560.11,561.93 1 1
github.com/nhanpnt22/azotp/azotp.go:565.2,565.28 1 1
